// Jest Snapshot v1, https://goo.gl/fbAQLP

exports[`AuthHeader matches snapshot 1`] = `
<View
  style={
    {
      "alignItems": "center",
      "flexDirection": "row",
      "justifyContent": "space-between",
      "paddingBottom": 16,
      "paddingLeft": 20,
      "paddingRight": 20,
      "paddingTop": 16,
      "width": "100%",
    }
  }
>
  <View
    accessibilityHint="Go back to previous screen"
    accessibilityLabel="Back"
    accessibilityRole="button"
    accessibilityState={
      {
        "busy": undefined,
        "checked": undefined,
        "disabled": undefined,
        "expanded": undefined,
        "selected": undefined,
      }
    }
    accessibilityValue={
      {
        "max": undefined,
        "min": undefined,
        "now": undefined,
        "text": undefined,
      }
    }
    accessible={true}
    collapsable={false}
    focusable={true}
    onClick={[Function]}
    onResponderGrant={[Function]}
    onResponderMove={[Function]}
    onResponderRelease={[Function]}
    onResponderTerminate={[Function]}
    onResponderTerminationRequest={[Function]}
    onStartShouldSetResponder={[Function]}
    style={
      {
        "opacity": 1,
        "paddingBottom": 8,
        "paddingLeft": 8,
        "paddingRight": 8,
        "paddingTop": 8,
      }
    }
    testID="back-button"
  >
    <Text
      isDark={false}
      style={
        {
          "color": "#333",
          "fontSize": 24,
        }
      }
    >
      ‚Üê
    </Text>
  </View>
  <Text
    isDark={false}
    style={
      {
        "color": "#333",
        "fontSize": 22,
        "fontWeight": "bold",
      }
    }
  >
    Test Header
  </Text>
  <View
    style={
      {
        "width": 24,
      }
    }
  />
</View>
`;
