// Jest Snapshot v1, https://goo.gl/fbAQLP

exports[`SignUpScreen matches snapshot 1`] = `
<RNCSafeAreaView
  edges={
    {
      "bottom": "additive",
      "left": "additive",
      "right": "additive",
      "top": "additive",
    }
  }
  isDark={false}
  style={
    {
      "backgroundColor": "#ffffff",
      "flexBasis": 0,
      "flexGrow": 1,
      "flexShrink": 1,
    }
  }
>
  <View
    onLayout={[Function]}
    style={
      [
        {
          "flex": 1,
          "width": "100%",
        },
        {
          "paddingBottom": 0,
        },
      ]
    }
  >
    <RCTScrollView
      contentContainerStyle={
        {
          "flexGrow": 1,
        }
      }
      keyboardShouldPersistTaps="handled"
    >
      <View>
        <View
          style={
            {
              "alignItems": "center",
              "flexDirection": "row",
              "justifyContent": "space-between",
              "paddingBottom": 16,
              "paddingLeft": 20,
              "paddingRight": 20,
              "paddingTop": 16,
              "width": "100%",
            }
          }
        >
          <View
            accessibilityHint="Go back to previous screen"
            accessibilityLabel="Back"
            accessibilityRole="button"
            accessibilityState={
              {
                "busy": undefined,
                "checked": undefined,
                "disabled": undefined,
                "expanded": undefined,
                "selected": undefined,
              }
            }
            accessibilityValue={
              {
                "max": undefined,
                "min": undefined,
                "now": undefined,
                "text": undefined,
              }
            }
            accessible={true}
            collapsable={false}
            focusable={true}
            onClick={[Function]}
            onResponderGrant={[Function]}
            onResponderMove={[Function]}
            onResponderRelease={[Function]}
            onResponderTerminate={[Function]}
            onResponderTerminationRequest={[Function]}
            onStartShouldSetResponder={[Function]}
            style={
              {
                "opacity": 1,
                "paddingBottom": 8,
                "paddingLeft": 8,
                "paddingRight": 8,
                "paddingTop": 8,
              }
            }
            testID="back-button"
          >
            <Text
              isDark={false}
              style={
                {
                  "color": "#333",
                  "fontSize": 24,
                }
              }
            >
              ‚Üê
            </Text>
          </View>
          <Text
            isDark={false}
            style={
              {
                "color": "#333",
                "fontSize": 22,
                "fontWeight": "bold",
              }
            }
          >
            Create Account
          </Text>
          <View
            style={
              {
                "width": 24,
              }
            }
          />
        </View>
        <View
          style={
            {
              "alignItems": "center",
              "flexBasis": 0,
              "flexGrow": 1,
              "flexShrink": 1,
              "paddingBottom": 20,
              "paddingLeft": 20,
              "paddingRight": 20,
              "paddingTop": 20,
            }
          }
        >
          <View
            style={
              {
                "marginBottom": 16,
                "width": "100%",
              }
            }
          >
            <Text
              isDark={false}
              style={
                {
                  "color": "#333",
                  "fontSize": 14,
                  "marginBottom": 8,
                }
              }
            >
              Email
            </Text>
            <TextInput
              accessibilityHint="Enter your email address"
              accessibilityLabel="Email input"
              autoCapitalize="none"
              autoComplete="email"
              isDark={false}
              keyboardType="email-address"
              onChangeText={[Function]}
              placeholder="Enter your email"
              placeholderTextColor="#999"
              style={
                {
                  "backgroundColor": "#f5f5f5",
                  "borderBottomLeftRadius": 8,
                  "borderBottomRightRadius": 8,
                  "borderColor": "#ddd",
                  "borderStyle": "solid",
                  "borderTopLeftRadius": 8,
                  "borderTopRightRadius": 8,
                  "borderWidth": 1,
                  "color": "#000000",
                  "paddingBottom": 16,
                  "paddingLeft": 16,
                  "paddingRight": 16,
                  "paddingTop": 16,
                  "width": "100%",
                }
              }
              testID="email-input"
              value=""
            />
          </View>
          <View
            style={
              {
                "marginBottom": 16,
                "width": "100%",
              }
            }
          >
            <Text
              isDark={false}
              style={
                {
                  "color": "#333",
                  "fontSize": 14,
                  "marginBottom": 8,
                }
              }
            >
              Password
            </Text>
            <TextInput
              accessibilityHint="Create a password with at least 6 characters"
              accessibilityLabel="Password input"
              isDark={false}
              onChangeText={[Function]}
              placeholder="Create a password"
              placeholderTextColor="#999"
              secureTextEntry={true}
              style={
                {
                  "backgroundColor": "#f5f5f5",
                  "borderBottomLeftRadius": 8,
                  "borderBottomRightRadius": 8,
                  "borderColor": "#ddd",
                  "borderStyle": "solid",
                  "borderTopLeftRadius": 8,
                  "borderTopRightRadius": 8,
                  "borderWidth": 1,
                  "color": "#000000",
                  "paddingBottom": 16,
                  "paddingLeft": 16,
                  "paddingRight": 16,
                  "paddingTop": 16,
                  "width": "100%",
                }
              }
              testID="password-input"
              value=""
            />
          </View>
          <View
            style={
              {
                "marginBottom": 16,
                "width": "100%",
              }
            }
          >
            <Text
              isDark={false}
              style={
                {
                  "color": "#333",
                  "fontSize": 14,
                  "marginBottom": 8,
                }
              }
            >
              Confirm Password
            </Text>
            <TextInput
              accessibilityHint="Confirm your password"
              accessibilityLabel="Confirm password input"
              isDark={false}
              onChangeText={[Function]}
              placeholder="Confirm your password"
              placeholderTextColor="#999"
              secureTextEntry={true}
              style={
                {
                  "backgroundColor": "#f5f5f5",
                  "borderBottomLeftRadius": 8,
                  "borderBottomRightRadius": 8,
                  "borderColor": "#ddd",
                  "borderStyle": "solid",
                  "borderTopLeftRadius": 8,
                  "borderTopRightRadius": 8,
                  "borderWidth": 1,
                  "color": "#000000",
                  "paddingBottom": 16,
                  "paddingLeft": 16,
                  "paddingRight": 16,
                  "paddingTop": 16,
                  "width": "100%",
                }
              }
              testID="confirm-password-input"
              value=""
            />
          </View>
          <View
            style={
              {
                "marginBottom": 12,
                "width": "100%",
              }
            }
          >
            <View
              accessibilityRole="checkbox"
              accessibilityState={
                {
                  "busy": undefined,
                  "checked": false,
                  "disabled": undefined,
                  "expanded": undefined,
                  "selected": undefined,
                }
              }
              accessibilityValue={
                {
                  "max": undefined,
                  "min": undefined,
                  "now": undefined,
                  "text": undefined,
                }
              }
              accessible={true}
              collapsable={false}
              focusable={true}
              onClick={[Function]}
              onResponderGrant={[Function]}
              onResponderMove={[Function]}
              onResponderRelease={[Function]}
              onResponderTerminate={[Function]}
              onResponderTerminationRequest={[Function]}
              onStartShouldSetResponder={[Function]}
              style={
                {
                  "alignItems": "center",
                  "flexDirection": "row",
                  "opacity": 1,
                }
              }
              testID="terms-checkbox"
            >
              <View
                isChecked={false}
                isDark={false}
                style={
                  {
                    "alignItems": "center",
                    "backgroundColor": "transparent",
                    "borderBottomLeftRadius": 4,
                    "borderBottomRightRadius": 4,
                    "borderColor": "#ccc",
                    "borderStyle": "solid",
                    "borderTopLeftRadius": 4,
                    "borderTopRightRadius": 4,
                    "borderWidth": 1,
                    "height": 20,
                    "justifyContent": "center",
                    "marginRight": 8,
                    "width": 20,
                  }
                }
              />
              <Text
                isDark={false}
                style={
                  {
                    "color": "#333",
                    "flexBasis": 0,
                    "flexGrow": 1,
                    "flexShrink": 1,
                    "fontSize": 14,
                  }
                }
              >
                I accept the Terms of Service and Privacy Policy
              </Text>
            </View>
          </View>
          <View
            style={
              {
                "marginBottom": 12,
                "width": "100%",
              }
            }
          >
            <View
              accessibilityRole="checkbox"
              accessibilityState={
                {
                  "busy": undefined,
                  "checked": false,
                  "disabled": undefined,
                  "expanded": undefined,
                  "selected": undefined,
                }
              }
              accessibilityValue={
                {
                  "max": undefined,
                  "min": undefined,
                  "now": undefined,
                  "text": undefined,
                }
              }
              accessible={true}
              collapsable={false}
              focusable={true}
              onClick={[Function]}
              onResponderGrant={[Function]}
              onResponderMove={[Function]}
              onResponderRelease={[Function]}
              onResponderTerminate={[Function]}
              onResponderTerminationRequest={[Function]}
              onStartShouldSetResponder={[Function]}
              style={
                {
                  "alignItems": "center",
                  "flexDirection": "row",
                  "opacity": 1,
                }
              }
              testID="location-checkbox"
            >
              <View
                isChecked={false}
                isDark={false}
                style={
                  {
                    "alignItems": "center",
                    "backgroundColor": "transparent",
                    "borderBottomLeftRadius": 4,
                    "borderBottomRightRadius": 4,
                    "borderColor": "#ccc",
                    "borderStyle": "solid",
                    "borderTopLeftRadius": 4,
                    "borderTopRightRadius": 4,
                    "borderWidth": 1,
                    "height": 20,
                    "justifyContent": "center",
                    "marginRight": 8,
                    "width": 20,
                  }
                }
              />
              <Text
                isDark={false}
                style={
                  {
                    "color": "#333",
                    "flexBasis": 0,
                    "flexGrow": 1,
                    "flexShrink": 1,
                    "fontSize": 14,
                  }
                }
              >
                I consent to 3-day location checks
              </Text>
            </View>
          </View>
          <View
            accessibilityHint="Create a new account with the provided information"
            accessibilityLabel="Sign Up Button"
            accessibilityRole="button"
            accessibilityState={
              {
                "busy": undefined,
                "checked": undefined,
                "disabled": false,
                "expanded": undefined,
                "selected": undefined,
              }
            }
            accessibilityValue={
              {
                "max": undefined,
                "min": undefined,
                "now": undefined,
                "text": undefined,
              }
            }
            accessible={true}
            collapsable={false}
            focusable={true}
            onClick={[Function]}
            onResponderGrant={[Function]}
            onResponderMove={[Function]}
            onResponderRelease={[Function]}
            onResponderTerminate={[Function]}
            onResponderTerminationRequest={[Function]}
            onStartShouldSetResponder={[Function]}
            style={
              {
                "alignItems": "center",
                "backgroundColor": "#FF6B6B",
                "borderBottomLeftRadius": 8,
                "borderBottomRightRadius": 8,
                "borderTopLeftRadius": 8,
                "borderTopRightRadius": 8,
                "marginTop": 20,
                "opacity": 1,
                "paddingBottom": 16,
                "paddingLeft": 16,
                "paddingRight": 16,
                "paddingTop": 16,
                "width": "100%",
              }
            }
            testID="signup-button"
          >
            <Text
              style={
                {
                  "color": "white",
                  "fontSize": 16,
                  "fontWeight": "bold",
                }
              }
            >
              Sign Up
            </Text>
          </View>
          <View
            isDark={false}
            style={
              {
                "alignItems": "center",
                "flexDirection": "row",
                "marginBottom": 30,
                "marginLeft": 0,
                "marginRight": 0,
                "marginTop": 30,
                "width": "100%",
              }
            }
          >
            <View
              isDark={false}
              style={
                {
                  "backgroundColor": "#ddd",
                  "flexBasis": 0,
                  "flexGrow": 1,
                  "flexShrink": 1,
                  "height": 1,
                }
              }
            />
            <Text
              isDark={false}
              style={
                {
                  "color": "#999",
                  "fontSize": 12,
                  "paddingBottom": 0,
                  "paddingLeft": 10,
                  "paddingRight": 10,
                  "paddingTop": 0,
                }
              }
            >
              or sign up with
            </Text>
            <View
              isDark={false}
              style={
                {
                  "backgroundColor": "#ddd",
                  "flexBasis": 0,
                  "flexGrow": 1,
                  "flexShrink": 1,
                  "height": 1,
                }
              }
            />
          </View>
          <View
            style={
              {
                "flexDirection": "row",
                "justifyContent": "space-between",
                "width": "100%",
              }
            }
          >
            <View
              accessibilityLabel="Sign up with Google"
              accessibilityRole="button"
              accessibilityState={
                {
                  "busy": undefined,
                  "checked": undefined,
                  "disabled": undefined,
                  "expanded": undefined,
                  "selected": undefined,
                }
              }
              accessibilityValue={
                {
                  "max": undefined,
                  "min": undefined,
                  "now": undefined,
                  "text": undefined,
                }
              }
              accessible={true}
              collapsable={false}
              focusable={true}
              onClick={[Function]}
              onResponderGrant={[Function]}
              onResponderMove={[Function]}
              onResponderRelease={[Function]}
              onResponderTerminate={[Function]}
              onResponderTerminationRequest={[Function]}
              onStartShouldSetResponder={[Function]}
              style={
                {
                  "alignItems": "center",
                  "borderBottomLeftRadius": 8,
                  "borderBottomRightRadius": 8,
                  "borderColor": "#ddd",
                  "borderStyle": "solid",
                  "borderTopLeftRadius": 8,
                  "borderTopRightRadius": 8,
                  "borderWidth": 1,
                  "flexBasis": 0,
                  "flexGrow": 0.48,
                  "flexShrink": 1,
                  "opacity": 1,
                  "paddingBottom": 14,
                  "paddingLeft": 14,
                  "paddingRight": 14,
                  "paddingTop": 14,
                }
              }
              testID="google-signup-button"
            >
              <Text
                isDark={false}
                style={
                  {
                    "color": "#333",
                    "fontSize": 14,
                  }
                }
              >
                Google
              </Text>
            </View>
            <View
              accessibilityLabel="Sign up with Apple"
              accessibilityRole="button"
              accessibilityState={
                {
                  "busy": undefined,
                  "checked": undefined,
                  "disabled": undefined,
                  "expanded": undefined,
                  "selected": undefined,
                }
              }
              accessibilityValue={
                {
                  "max": undefined,
                  "min": undefined,
                  "now": undefined,
                  "text": undefined,
                }
              }
              accessible={true}
              collapsable={false}
              focusable={true}
              onClick={[Function]}
              onResponderGrant={[Function]}
              onResponderMove={[Function]}
              onResponderRelease={[Function]}
              onResponderTerminate={[Function]}
              onResponderTerminationRequest={[Function]}
              onStartShouldSetResponder={[Function]}
              style={
                {
                  "alignItems": "center",
                  "borderBottomLeftRadius": 8,
                  "borderBottomRightRadius": 8,
                  "borderColor": "#ddd",
                  "borderStyle": "solid",
                  "borderTopLeftRadius": 8,
                  "borderTopRightRadius": 8,
                  "borderWidth": 1,
                  "flexBasis": 0,
                  "flexGrow": 0.48,
                  "flexShrink": 1,
                  "opacity": 1,
                  "paddingBottom": 14,
                  "paddingLeft": 14,
                  "paddingRight": 14,
                  "paddingTop": 14,
                }
              }
              testID="apple-signup-button"
            >
              <Text
                isDark={false}
                style={
                  {
                    "color": "#333",
                    "fontSize": 14,
                  }
                }
              >
                Apple
              </Text>
            </View>
          </View>
          <Text
            style={
              {
                "color": "#999",
                "fontSize": 14,
                "marginTop": 30,
              }
            }
          >
            Already have an account?
             
            <Text
              accessibilityHint="Navigate to log in screen"
              accessibilityLabel="Log In"
              accessibilityRole="link"
              onPress={[Function]}
              style={
                {
                  "color": "#FF6B6B",
                  "fontWeight": "bold",
                }
              }
            >
              Log In
            </Text>
          </Text>
        </View>
      </View>
    </RCTScrollView>
  </View>
</RNCSafeAreaView>
`;
